<?xml version="1.0" encoding="utf-16"?>
<FlowDocument xmlns="http://schemas.microsoft.com/winfx/2006/xaml/presentation">
  <Paragraph>
    <ProgressBar Minimum="10" Maximum="60" Value="25" Width="50" Height="12" />
  </Paragraph>
  <BlockUIContainer Tag="RuleSingle">
    <Separator />
  </BlockUIContainer>
  <Paragraph>
    <ProgressBar Minimum="100" Maximum="200" Value="110" Width="50" Height="12" />
  </Paragraph>
  <BlockUIContainer Tag="RuleSingle">
    <Separator />
  </BlockUIContainer>
  <Paragraph>
    <ProgressBar Minimum="10" Maximum="60" Value="25" Width="50" Height="12" />
  </Paragraph>
  <BlockUIContainer Tag="RuleSingle">
    <Separator />
  </BlockUIContainer>
  <Paragraph>
    <ProgressBar Minimum="100" Maximum="200" Value="110" Width="50" Height="12" />
  </Paragraph>
  <BlockUIContainer Tag="RuleSingle">
    <Separator />
  </BlockUIContainer>
</FlowDocument>
