<?xml version="1.0" encoding="utf-16"?>
<FlowDocument xmlns="http://schemas.microsoft.com/winfx/2006/xaml/presentation">
  <Paragraph>
    <Hyperlink Tag="Hyperlink">asdf</Hyperlink><LineBreak /><Span Tag="Abbr">asdf</Span><LineBreak /><Span Tag="Abbr">asdf</Span><LineBreak /><Bold Tag="BoldSpan">asdf</Bold><LineBreak /><Span Tag="Bdi">asdf</Span><LineBreak /><Span Tag="Cite">asdf</Span><LineBreak /><Span Tag="StrikethroughSpan"><Span.TextDecorations><TextDecoration Location="Strikethrough" /></Span.TextDecorations>asdf</Span><LineBreak /><Italic Tag="ItalicSpan">asdf</Italic><LineBreak /><Italic Tag="ItalicSpan">asdf</Italic><LineBreak /><Underline Tag="UnderlineSpan">asdf</Underline><LineBreak /><Span Tag="Mark">asdf</Span><LineBreak /><Span Tag="StrikethroughSpan"><Span.TextDecorations><TextDecoration Location="Strikethrough" /></Span.TextDecorations>asdf</Span><LineBreak /><Span Tag="StrikethroughSpan"><Span.TextDecorations><TextDecoration Location="Strikethrough" /></Span.TextDecorations>asdf</Span><LineBreak /><Bold Tag="BoldSpan">asdf</Bold><LineBreak /><Run Tag="Subscript" Typography.Variants="Subscript">asdf</Run><LineBreak /><Run Tag="Superscript" Typography.Variants="Superscript">asdf</Run><LineBreak /><Underline Tag="UnderlineSpan">asdf</Underline><LineBreak /></Paragraph>
</FlowDocument>
