<?xml version="1.0" encoding="utf-16"?>
<FlowDocument xmlns="http://schemas.microsoft.com/winfx/2006/xaml/presentation">
  <Paragraph>
    <TextBox IsReadOnly="True" Width="100" xml:space="preserve"></TextBox> <TextBox IsReadOnly="True" Width="98" xml:space="preserve"></TextBox> <TextBox IsReadOnly="True" Width="100" xml:space="preserve"></TextBox> <TextBox IsReadOnly="True">textbox</TextBox></Paragraph>
  <BlockUIContainer Tag="RuleSingle">
    <Separator />
  </BlockUIContainer>
  <Paragraph>
    <Button Width="100" IsEnabled="False" xml:space="preserve"></Button> <Button Width="98" IsEnabled="False" xml:space="preserve"></Button> <Button Width="100" IsEnabled="False" xml:space="preserve"></Button> <Button IsEnabled="False">button</Button></Paragraph>
  <BlockUIContainer Tag="RuleSingle">
    <Separator />
  </BlockUIContainer>
  <Paragraph>
    <Button Width="100" IsEnabled="False" xml:space="preserve"></Button> <Button Width="98" IsEnabled="False" xml:space="preserve"></Button> <Button Width="100" IsEnabled="False" xml:space="preserve"></Button> <Button IsEnabled="False">button</Button></Paragraph>
  <BlockUIContainer Tag="RuleSingle">
    <Separator />
  </BlockUIContainer>
  <Paragraph>
    <Button Width="100" IsEnabled="False" xml:space="preserve"></Button> <Button Width="98" IsEnabled="False" xml:space="preserve"></Button> <Button Width="100" IsEnabled="False" xml:space="preserve"></Button> <Button IsEnabled="False">button</Button></Paragraph>
  <BlockUIContainer Tag="RuleSingle">
    <Separator />
  </BlockUIContainer>
  <Paragraph>
    <RadioButton IsEnabled="False" /> <RadioButton IsChecked="True" IsEnabled="False" /> <RadioButton IsChecked="True" IsEnabled="False" /></Paragraph>
  <BlockUIContainer Tag="RuleSingle">
    <Separator />
  </BlockUIContainer>
  <Paragraph>
    <CheckBox IsEnabled="False" /> <CheckBox IsChecked="True" IsEnabled="False" /> <CheckBox IsChecked="True" IsEnabled="False" /></Paragraph>
  <BlockUIContainer Tag="RuleSingle">
    <Separator />
  </BlockUIContainer>
  <Paragraph>
    <Slider Minimum="0" Maximum="100" Value="50" Width="100" IsEnabled="False" /> <Slider Minimum="0" Maximum="200" Value="50" Width="100" IsEnabled="False" /> <Slider Minimum="50" Maximum="100" Value="90" Width="100" IsEnabled="False" /></Paragraph>
  <BlockUIContainer Tag="RuleSingle">
    <Separator />
  </BlockUIContainer>
  <Paragraph>
    <TextBox TextWrapping="Wrap" AcceptsReturn="True" AcceptsTab="True" xml:space="preserve">asasdfasdfsadfasdfasd

sd

df</TextBox>
  </Paragraph>
  <BlockUIContainer Tag="RuleSingle">
    <Separator />
  </BlockUIContainer>
  <Paragraph>
    <TextBox TextWrapping="Wrap" AcceptsReturn="True" AcceptsTab="True" Width="210" Height="42" xml:space="preserve">afsadfasdfasd

sd

df</TextBox>
  </Paragraph>
</FlowDocument>
